W0429 10:13:12.029000 738191 site-packages/torch/distributed/run.py:803] 
W0429 10:13:12.029000 738191 site-packages/torch/distributed/run.py:803] *****************************************
W0429 10:13:12.029000 738191 site-packages/torch/distributed/run.py:803] Setting OMP_NUM_THREADS environment variable for each process to be 1 in default, to avoid your system being overloaded, please further tune the variable for optimal performance in your application as needed. 
W0429 10:13:12.029000 738191 site-packages/torch/distributed/run.py:803] *****************************************
[Data] FTSR: 50000 samples from dataset/FTSR
[Data] Real-CE not found at None (optional)
[Data] FTSR: 50000 samples from dataset/FTSR
[Data] Real-CE not found at None (optional)
[Data] FTSR: 50000 samples from dataset/FTSR
[Data] Real-CE not found at None (optional)
[Data] FTSR: 50000 samples from dataset/FTSR
[Data] Real-CE not found at None (optional)
Starting TADiSR training on npu:0...
  LR: 5e-05, Batch size(per-process): 1
  Max iterations: 200000
  Gradient clip: 1.0
  Precision: bf16
  Gradient checkpointing: True
  TACA chunk: 1024
  TACA checkpoint: True
  LPIPS resize: 512
  Distributed enabled (DDP) — world_size: 8
  TensorBoard log dir: checkpoints/tensorboard
[Data] FTSR: 50000 samples from dataset/FTSR
[Data] Real-CE not found at None (optional)
[Data] FTSR: 50000 samples from dataset/FTSR
[Data] Real-CE not found at None (optional)
[Data] FTSR: 50000 samples from dataset/FTSR
[Data] Real-CE not found at None (optional)
[Data] FTSR: 50000 samples from dataset/FTSR
[Data] Real-CE not found at None (optional)
/root/anaconda3/envs/TADiSR/lib/python3.10/site-packages/diffusers/models/transformers/transformer_2d.py:34: FutureWarning: `Transformer2DModelOutput` is deprecated and will be removed in version 1.0.0. Importing `Transformer2DModelOutput` from `diffusers.models.transformer_2d` is deprecated and this will be removed in a future version. Please use `from diffusers.models.modeling_outputs import Transformer2DModelOutput`, instead.
  deprecate("Transformer2DModelOutput", "1.0.0", deprecation_message)
/root/anaconda3/envs/TADiSR/lib/python3.10/site-packages/diffusers/models/transformers/transformer_2d.py:34: FutureWarning: `Transformer2DModelOutput` is deprecated and will be removed in version 1.0.0. Importing `Transformer2DModelOutput` from `diffusers.models.transformer_2d` is deprecated and this will be removed in a future version. Please use `from diffusers.models.modeling_outputs import Transformer2DModelOutput`, instead.
  deprecate("Transformer2DModelOutput", "1.0.0", deprecation_message)
/root/anaconda3/envs/TADiSR/lib/python3.10/site-packages/diffusers/models/transformers/transformer_2d.py:34: FutureWarning: `Transformer2DModelOutput` is deprecated and will be removed in version 1.0.0. Importing `Transformer2DModelOutput` from `diffusers.models.transformer_2d` is deprecated and this will be removed in a future version. Please use `from diffusers.models.modeling_outputs import Transformer2DModelOutput`, instead.
  deprecate("Transformer2DModelOutput", "1.0.0", deprecation_message)
/root/anaconda3/envs/TADiSR/lib/python3.10/site-packages/diffusers/models/transformers/transformer_2d.py:34: FutureWarning: `Transformer2DModelOutput` is deprecated and will be removed in version 1.0.0. Importing `Transformer2DModelOutput` from `diffusers.models.transformer_2d` is deprecated and this will be removed in a future version. Please use `from diffusers.models.modeling_outputs import Transformer2DModelOutput`, instead.
  deprecate("Transformer2DModelOutput", "1.0.0", deprecation_message)
/root/anaconda3/envs/TADiSR/lib/python3.10/site-packages/diffusers/models/transformers/transformer_2d.py:34: FutureWarning: `Transformer2DModelOutput` is deprecated and will be removed in version 1.0.0. Importing `Transformer2DModelOutput` from `diffusers.models.transformer_2d` is deprecated and this will be removed in a future version. Please use `from diffusers.models.modeling_outputs import Transformer2DModelOutput`, instead.
  deprecate("Transformer2DModelOutput", "1.0.0", deprecation_message)
/root/anaconda3/envs/TADiSR/lib/python3.10/site-packages/diffusers/models/transformers/transformer_2d.py:34: FutureWarning: `Transformer2DModelOutput` is deprecated and will be removed in version 1.0.0. Importing `Transformer2DModelOutput` from `diffusers.models.transformer_2d` is deprecated and this will be removed in a future version. Please use `from diffusers.models.modeling_outputs import Transformer2DModelOutput`, instead.
  deprecate("Transformer2DModelOutput", "1.0.0", deprecation_message)
/root/anaconda3/envs/TADiSR/lib/python3.10/site-packages/diffusers/models/transformers/transformer_2d.py:34: FutureWarning: `Transformer2DModelOutput` is deprecated and will be removed in version 1.0.0. Importing `Transformer2DModelOutput` from `diffusers.models.transformer_2d` is deprecated and this will be removed in a future version. Please use `from diffusers.models.modeling_outputs import Transformer2DModelOutput`, instead.
  deprecate("Transformer2DModelOutput", "1.0.0", deprecation_message)
/root/anaconda3/envs/TADiSR/lib/python3.10/site-packages/diffusers/models/transformers/transformer_2d.py:34: FutureWarning: `Transformer2DModelOutput` is deprecated and will be removed in version 1.0.0. Importing `Transformer2DModelOutput` from `diffusers.models.transformer_2d` is deprecated and this will be removed in a future version. Please use `from diffusers.models.modeling_outputs import Transformer2DModelOutput`, instead.
  deprecate("Transformer2DModelOutput", "1.0.0", deprecation_message)
[TADiSR] ✓ Loaded Kolors VAE from /home/models/Kolors/
[TADiSR] ✓ Loaded Kolors VAE from /home/models/Kolors/
[TADiSR] ✓ Loaded Kolors VAE from /home/models/Kolors/
[TADiSR] ✓ Loaded Kolors VAE from /home/models/Kolors/
[TADiSR] ✓ Loaded Kolors VAE from /home/models/Kolors/
[TADiSR] ✓ Loaded Kolors VAE from /home/models/Kolors/
[TADiSR] ✓ Loaded Kolors VAE from /home/models/Kolors/
[TADiSR] ✓ Loaded Kolors VAE from /home/models/Kolors/
[TADiSR] ✓ Loaded Kolors UNet from /home/models/Kolors/
[TADiSR] ✓ Loaded precomputed text context from embedding.pt, shape=(1, 256, 4096), text_token_indices=[7]
[TADiSR] ✓ Using precomputed text context; ChatGLM is not loaded.
[TACA] Replaced 70 attn2 processors
[TACA] Installed 70 TACA processors, total_heads=1300, proj → 4, chunk=1024, checkpoint=True, detach=False
[TADiSR] ✓ Loaded Kolors UNet from /home/models/Kolors/
[TADiSR] ✓ Loaded precomputed text context from embedding.pt, shape=(1, 256, 4096), text_token_indices=[7]
[TADiSR] ✓ Using precomputed text context; ChatGLM is not loaded.
[TACA] Replaced 70 attn2 processors
[TACA] Installed 70 TACA processors, total_heads=1300, proj → 4, chunk=1024, checkpoint=True, detach=False
[TADiSR] ✓ Loaded Kolors UNet from /home/models/Kolors/
[TADiSR] ✓ Loaded precomputed text context from embedding.pt, shape=(1, 256, 4096), text_token_indices=[7]
[TADiSR] ✓ Using precomputed text context; ChatGLM is not loaded.
[TACA] Replaced 70 attn2 processors
[TACA] Installed 70 TACA processors, total_heads=1300, proj → 4, chunk=1024, checkpoint=True, detach=False
[TADiSR] LoRA (cross-attn only): 12,574,720 / 2,592,033,540 params trainable (0.49%)
[TADiSR] Targeted 280 attn2 modules
[TADiSR] ✓ Kolors backbone initialized with LoRA rank=16
[TADiSR] ✓ Loaded Kolors UNet from /home/models/Kolors/
[TADiSR] ✓ Loaded precomputed text context from embedding.pt, shape=(1, 256, 4096), text_token_indices=[7]
[TADiSR] ✓ Using precomputed text context; ChatGLM is not loaded.
[TACA] Replaced 70 attn2 processors
[TACA] Installed 70 TACA processors, total_heads=1300, proj → 4, chunk=1024, checkpoint=True, detach=False
[TADiSR] ✓ Loaded Kolors UNet from /home/models/Kolors/
[TADiSR] ✓ Loaded precomputed text context from embedding.pt, shape=(1, 256, 4096), text_token_indices=[7]
[TADiSR] ✓ Using precomputed text context; ChatGLM is not loaded.
[TACA] Replaced 70 attn2 processors
[TACA] Installed 70 TACA processors, total_heads=1300, proj → 4, chunk=1024, checkpoint=True, detach=False
[TADiSR] ✓ Loaded Kolors UNet from /home/models/Kolors/
[TADiSR] ✓ Loaded precomputed text context from embedding.pt, shape=(1, 256, 4096), text_token_indices=[7]
[TADiSR] ✓ Using precomputed text context; ChatGLM is not loaded.
[TACA] Replaced 70 attn2 processors
[TACA] Installed 70 TACA processors, total_heads=1300, proj → 4, chunk=1024, checkpoint=True, detach=False
[TADiSR] ✓ Loaded Kolors UNet from /home/models/Kolors/
[TADiSR] ✓ Loaded precomputed text context from embedding.pt, shape=(1, 256, 4096), text_token_indices=[7]
[TADiSR] ✓ Using precomputed text context; ChatGLM is not loaded.
[TACA] Replaced 70 attn2 processors
[TACA] Installed 70 TACA processors, total_heads=1300, proj → 4, chunk=1024, checkpoint=True, detach=False
[TADiSR] ✓ Loaded Kolors UNet from /home/models/Kolors/
[TADiSR] LoRA (cross-attn only): 12,574,720 / 2,592,033,540 params trainable (0.49%)
[TADiSR] Targeted 280 attn2 modules
[TADiSR] ✓ Loaded precomputed text context from embedding.pt, shape=(1, 256, 4096), text_token_indices=[7]
[TADiSR] ✓ Using precomputed text context; ChatGLM is not loaded.
[TADiSR] ✓ Kolors backbone initialized with LoRA rank=16
[TACA] Replaced 70 attn2 processors
[TACA] Installed 70 TACA processors, total_heads=1300, proj → 4, chunk=1024, checkpoint=True, detach=False
[TADiSR] LoRA (cross-attn only): 12,574,720 / 2,592,033,540 params trainable (0.49%)
[TADiSR] Targeted 280 attn2 modules
[JSD] Loaded 138/138 tensors from VAE decoder
[TADiSR] ✓ Kolors backbone initialized with LoRA rank=16
[JSD] Applied LoRA (rank=16) to 35 Conv2d layers in Image Decoder
[JSD] Parameters: total=167,186,548, trainable=117,696,369, frozen=49,490,179
[JSD]   Image Decoder (LoRA): 411,760 trainable
[JSD]   Seg Decoder: 49,487,873 total (all trainable)
[JSD]   CDIBs: 67,796,736 total (all trainable)
[TADiSR] Enabled UNet gradient checkpointing
[TADiSR] Enabled JSD gradient checkpointing
[TADiSR] LoRA (cross-attn only): 12,574,720 / 2,592,033,540 params trainable (0.49%)
[TADiSR] Targeted 280 attn2 modules
[TADiSR] ✓ Kolors backbone initialized with LoRA rank=16
[TADiSR] LoRA (cross-attn only): 12,574,720 / 2,592,033,540 params trainable (0.49%)
[TADiSR] Targeted 280 attn2 modules
[TADiSR] ✓ Kolors backbone initialized with LoRA rank=16
[TADiSR] LoRA (cross-attn only): 12,574,720 / 2,592,033,540 params trainable (0.49%)
[TADiSR] Targeted 280 attn2 modules
[TADiSR] ✓ Kolors backbone initialized with LoRA rank=16
[TADiSR] LoRA (cross-attn only): 12,574,720 / 2,592,033,540 params trainable (0.49%)
[TADiSR] Targeted 280 attn2 modules
[TADiSR] ✓ Kolors backbone initialized with LoRA rank=16
[JSD] Loaded 138/138 tensors from VAE decoder
[JSD] Applied LoRA (rank=16) to 35 Conv2d layers in Image Decoder
[JSD] Parameters: total=167,186,548, trainable=117,696,369, frozen=49,490,179
[JSD]   Image Decoder (LoRA): 411,760 trainable
[JSD]   Seg Decoder: 49,487,873 total (all trainable)
[JSD]   CDIBs: 67,796,736 total (all trainable)
[TADiSR] Enabled UNet gradient checkpointing
[TADiSR] Enabled JSD gradient checkpointing
[JSD] Loaded 138/138 tensors from VAE decoder
[TADiSR] LoRA (cross-attn only): 12,574,720 / 2,592,033,540 params trainable (0.49%)
[TADiSR] Targeted 280 attn2 modules
[TADiSR] ✓ Kolors backbone initialized with LoRA rank=16
[JSD] Applied LoRA (rank=16) to 35 Conv2d layers in Image Decoder
[JSD] Parameters: total=167,186,548, trainable=117,696,369, frozen=49,490,179
[JSD]   Image Decoder (LoRA): 411,760 trainable
[JSD]   Seg Decoder: 49,487,873 total (all trainable)
[JSD]   CDIBs: 67,796,736 total (all trainable)
[TADiSR] Enabled UNet gradient checkpointing
[TADiSR] Enabled JSD gradient checkpointing
[JSD] Loaded 138/138 tensors from VAE decoder
[JSD] Applied LoRA (rank=16) to 35 Conv2d layers in Image Decoder
[JSD] Parameters: total=167,186,548, trainable=117,696,369, frozen=49,490,179
[JSD]   Image Decoder (LoRA): 411,760 trainable
[JSD]   Seg Decoder: 49,487,873 total (all trainable)
[JSD]   CDIBs: 67,796,736 total (all trainable)
[TADiSR] Enabled UNet gradient checkpointing
[TADiSR] Enabled JSD gradient checkpointing
[JSD] Loaded 138/138 tensors from VAE decoder
[JSD] Applied LoRA (rank=16) to 35 Conv2d layers in Image Decoder
[JSD] Parameters: total=167,186,548, trainable=117,696,369, frozen=49,490,179
[JSD]   Image Decoder (LoRA): 411,760 trainable
[JSD]   Seg Decoder: 49,487,873 total (all trainable)
[JSD]   CDIBs: 67,796,736 total (all trainable)
[JSD] Loaded 138/138 tensors from VAE decoder
[TADiSR] Enabled UNet gradient checkpointing
[TADiSR] Enabled JSD gradient checkpointing
[JSD] Applied LoRA (rank=16) to 35 Conv2d layers in Image Decoder
[JSD] Parameters: total=167,186,548, trainable=117,696,369, frozen=49,490,179
[JSD]   Image Decoder (LoRA): 411,760 trainable
[JSD]   Seg Decoder: 49,487,873 total (all trainable)
[JSD]   CDIBs: 67,796,736 total (all trainable)
[TADiSR] Enabled UNet gradient checkpointing
[TADiSR] Enabled JSD gradient checkpointing
[JSD] Loaded 138/138 tensors from VAE decoder
[JSD] Applied LoRA (rank=16) to 35 Conv2d layers in Image Decoder
[JSD] Parameters: total=167,186,548, trainable=117,696,369, frozen=49,490,179
[JSD]   Image Decoder (LoRA): 411,760 trainable
[JSD]   Seg Decoder: 49,487,873 total (all trainable)
[JSD]   CDIBs: 67,796,736 total (all trainable)
[TADiSR] Enabled UNet gradient checkpointing
[TADiSR] Enabled JSD gradient checkpointing
[JSD] Loaded 138/138 tensors from VAE decoder
[JSD] Applied LoRA (rank=16) to 35 Conv2d layers in Image Decoder
[JSD] Parameters: total=167,186,548, trainable=117,696,369, frozen=49,490,179
[JSD]   Image Decoder (LoRA): 411,760 trainable
[JSD]   Seg Decoder: 49,487,873 total (all trainable)
[JSD]   CDIBs: 67,796,736 total (all trainable)
[TADiSR] Enabled UNet gradient checkpointing
[TADiSR] Enabled JSD gradient checkpointing
  Total params:     2,842,879,155
  Trainable params: 179,766,472 (6.32%)
  Trainable parameter groups:
    unet_lora: 12,574,720
    jsd_img_lora: 411,760
    jsd_seg_decoder: 49,487,873
    jsd_cdib: 67,796,736
    taca_projection: 5,204
/root/anaconda3/envs/TADiSR/lib/python3.10/site-packages/torchvision/models/_utils.py:208: UserWarning: The parameter 'pretrained' is deprecated since 0.13 and may be removed in the future, please use 'weights' instead.
  warnings.warn(
/root/anaconda3/envs/TADiSR/lib/python3.10/site-packages/torchvision/models/_utils.py:223: UserWarning: Arguments other than a weight enum or `None` for 'weights' are deprecated since 0.13 and may be removed in the future. The current behavior is equivalent to passing `weights=VGG16_Weights.IMAGENET1K_V1`. You can also use `weights=VGG16_Weights.DEFAULT` to get the most up-to-date weights.
  warnings.warn(msg)
/root/anaconda3/envs/TADiSR/lib/python3.10/site-packages/torchvision/models/_utils.py:208: UserWarning: The parameter 'pretrained' is deprecated since 0.13 and may be removed in the future, please use 'weights' instead.
  warnings.warn(
/root/anaconda3/envs/TADiSR/lib/python3.10/site-packages/torchvision/models/_utils.py:223: UserWarning: Arguments other than a weight enum or `None` for 'weights' are deprecated since 0.13 and may be removed in the future. The current behavior is equivalent to passing `weights=VGG16_Weights.IMAGENET1K_V1`. You can also use `weights=VGG16_Weights.DEFAULT` to get the most up-to-date weights.
  warnings.warn(msg)
/root/anaconda3/envs/TADiSR/lib/python3.10/site-packages/torchvision/models/_utils.py:208: UserWarning: The parameter 'pretrained' is deprecated since 0.13 and may be removed in the future, please use 'weights' instead.
  warnings.warn(
/root/anaconda3/envs/TADiSR/lib/python3.10/site-packages/torchvision/models/_utils.py:223: UserWarning: Arguments other than a weight enum or `None` for 'weights' are deprecated since 0.13 and may be removed in the future. The current behavior is equivalent to passing `weights=VGG16_Weights.IMAGENET1K_V1`. You can also use `weights=VGG16_Weights.DEFAULT` to get the most up-to-date weights.
  warnings.warn(msg)
/root/anaconda3/envs/TADiSR/lib/python3.10/site-packages/torchvision/models/_utils.py:208: UserWarning: The parameter 'pretrained' is deprecated since 0.13 and may be removed in the future, please use 'weights' instead.
  warnings.warn(
/root/anaconda3/envs/TADiSR/lib/python3.10/site-packages/torchvision/models/_utils.py:223: UserWarning: Arguments other than a weight enum or `None` for 'weights' are deprecated since 0.13 and may be removed in the future. The current behavior is equivalent to passing `weights=VGG16_Weights.IMAGENET1K_V1`. You can also use `weights=VGG16_Weights.DEFAULT` to get the most up-to-date weights.
  warnings.warn(msg)
/root/anaconda3/envs/TADiSR/lib/python3.10/site-packages/torchvision/models/_utils.py:208: UserWarning: The parameter 'pretrained' is deprecated since 0.13 and may be removed in the future, please use 'weights' instead.
  warnings.warn(
/root/anaconda3/envs/TADiSR/lib/python3.10/site-packages/torchvision/models/_utils.py:223: UserWarning: Arguments other than a weight enum or `None` for 'weights' are deprecated since 0.13 and may be removed in the future. The current behavior is equivalent to passing `weights=VGG16_Weights.IMAGENET1K_V1`. You can also use `weights=VGG16_Weights.DEFAULT` to get the most up-to-date weights.
  warnings.warn(msg)
/root/anaconda3/envs/TADiSR/lib/python3.10/site-packages/torchvision/models/_utils.py:208: UserWarning: The parameter 'pretrained' is deprecated since 0.13 and may be removed in the future, please use 'weights' instead.
  warnings.warn(
/root/anaconda3/envs/TADiSR/lib/python3.10/site-packages/torchvision/models/_utils.py:223: UserWarning: Arguments other than a weight enum or `None` for 'weights' are deprecated since 0.13 and may be removed in the future. The current behavior is equivalent to passing `weights=VGG16_Weights.IMAGENET1K_V1`. You can also use `weights=VGG16_Weights.DEFAULT` to get the most up-to-date weights.
  warnings.warn(msg)
/root/anaconda3/envs/TADiSR/lib/python3.10/site-packages/torchvision/models/_utils.py:208: UserWarning: The parameter 'pretrained' is deprecated since 0.13 and may be removed in the future, please use 'weights' instead.
  warnings.warn(
/root/anaconda3/envs/TADiSR/lib/python3.10/site-packages/torchvision/models/_utils.py:223: UserWarning: Arguments other than a weight enum or `None` for 'weights' are deprecated since 0.13 and may be removed in the future. The current behavior is equivalent to passing `weights=VGG16_Weights.IMAGENET1K_V1`. You can also use `weights=VGG16_Weights.DEFAULT` to get the most up-to-date weights.
  warnings.warn(msg)
/root/anaconda3/envs/TADiSR/lib/python3.10/site-packages/torchvision/models/_utils.py:208: UserWarning: The parameter 'pretrained' is deprecated since 0.13 and may be removed in the future, please use 'weights' instead.
  warnings.warn(
/root/anaconda3/envs/TADiSR/lib/python3.10/site-packages/torchvision/models/_utils.py:223: UserWarning: Arguments other than a weight enum or `None` for 'weights' are deprecated since 0.13 and may be removed in the future. The current behavior is equivalent to passing `weights=VGG16_Weights.IMAGENET1K_V1`. You can also use `weights=VGG16_Weights.DEFAULT` to get the most up-to-date weights.
  warnings.warn(msg)
Warning: since the loaded file is not a zipfile, only "torch.device" and "str" type parameters are currently supported for parameter types of map_location. If parameter types of map_location is "Callable[[torch.Tensor, str], torch.Tensor]" or "Dict[str, str]", which is only support for zipfile, all tensors are currently loaded onto the CPU, which may introduce problems.
...............[Step     10] Loss: 11.4069 (Img: 9.9948, Seg: 1.4121) LR: 5.00e-05
[Step     20] Loss: 11.5596 (Img: 10.2487, Seg: 1.3109) LR: 5.00e-05
[Step     30] Loss: 10.8002 (Img: 9.6340, Seg: 1.1662) LR: 5.00e-05
[Step     40] Loss: 10.4636 (Img: 8.4291, Seg: 2.0345) LR: 5.00e-05
[Step     50] Loss: 9.5738 (Img: 8.3861, Seg: 1.1877) LR: 5.00e-05
[Step     60] Loss: 11.6005 (Img: 10.1624, Seg: 1.4381) LR: 5.00e-05
